// Jest Snapshot v1, https://goo.gl/fbAQLP

exports[`<GifExpertApp></GifExpertApp> Snapshot 1`] = `
<div>
  <h1>
    GifExpertApp
  </h1>
  <form
    aria-label="form"
  >
    <input
      placeholder="Buscar Girf"
      type="text"
      value=""
    />
  </form>
  <h3>
    HunterXHunter
  </h3>
  <h2>
    Cargando...
  </h2>
  <div
    class="card-grid"
  />
</div>
`;
